// Jest Snapshot v1, https://goo.gl/fbAQLP

exports[`Header should render correctly 1`] = `
<div
  className={undefined}
>
  <div
    className={undefined}
  >
    <h1>
      <Link
        className={undefined}
        to="/"
      >
        Market
      </Link>
    </h1>
    <Link
      to="/cart"
    >
      <div
        className={undefined}
      />
    </Link>
  </div>
</div>
`;
