// Jest Snapshot v1, https://goo.gl/fbAQLP

exports[`AddressForm renders correctly 1`] = `
<div
  className={undefined}
>
  <h2
    className={undefined}
  >
    2. Endereço
  </h2>
  <label
    className={undefined}
    htmlFor="street"
  >
    Rua
  </label>
  <Field
    component={[Function]}
    id="street"
    name="street"
    type="input"
  />
  <label
    className={undefined}
    htmlFor="streetNumber"
  >
    Número
  </label>
  <Field
    component={[Function]}
    id="streetNumber"
    name="streetNumber"
    type="input"
  />
  <label
    className={undefined}
    htmlFor="complementary"
  >
    Complemento
  </label>
  <Field
    component={[Function]}
    id="complementary"
    name="complementary"
    type="input"
  />
  <label
    className={undefined}
    htmlFor="neighborhood"
  >
    Bairro
  </label>
  <Field
    component={[Function]}
    id="neighborhood"
    name="neighborhood"
    type="input"
  />
  <label
    className={undefined}
    htmlFor="city"
  >
    Cidade
  </label>
  <Field
    component={[Function]}
    id="city"
    name="city"
    type="input"
  />
  <label
    className={undefined}
    htmlFor="state"
  >
    Estado
  </label>
  <Field
    component={[Function]}
    id="state"
    name="state"
    type="input"
  />
  <label
    className={undefined}
    htmlFor="zipcode"
  >
    CEP
  </label>
  <Field
    component={[Function]}
    id="zipcode"
    name="zipcode"
    normalize={[Function]}
    placeholder="00000-000"
    type="input"
  />
</div>
`;
