// Jest Snapshot v1, https://goo.gl/fbAQLP

exports[`Checkout renders correctly 1`] = `
<div
  className={undefined}
>
  <form
    className={undefined}
    onSubmit={undefined}
  >
    <div
      className={undefined}
    >
      <div
        className={undefined}
      >
        <h2
          className={undefined}
        >
          1. Dados Pessoais
        </h2>
        <label
          className={undefined}
          htmlFor="name"
        >
          Nome
        </label>
        <div
          className={undefined}
        >
          <input
            className={undefined}
            id="name"
            maxLength={null}
            name="name"
            onBlur={[Function]}
            onChange={[Function]}
            onDragStart={[Function]}
            onDrop={[Function]}
            onFocus={[Function]}
            placeholder={null}
            type="input"
            value=""
          />
        </div>
        <label
          className={undefined}
          htmlFor="email"
        >
          E-mail
        </label>
        <div
          className={undefined}
        >
          <input
            className={undefined}
            id="email"
            maxLength={null}
            name="email"
            onBlur={[Function]}
            onChange={[Function]}
            onDragStart={[Function]}
            onDrop={[Function]}
            onFocus={[Function]}
            placeholder={null}
            type="input"
            value=""
          />
        </div>
        <label
          className={undefined}
          htmlFor="personCode"
        >
          CPF
        </label>
        <div
          className={undefined}
        >
          <input
            className={undefined}
            id="personCode"
            maxLength={null}
            name="personCode"
            onBlur={[Function]}
            onChange={[Function]}
            onDragStart={[Function]}
            onDrop={[Function]}
            onFocus={[Function]}
            placeholder="000.000.000-00"
            type="input"
            value=""
          />
        </div>
        <label
          className={undefined}
          htmlFor="phone"
        >
          Telefone
        </label>
        <div
          className={undefined}
        >
          <input
            className={undefined}
            id="phone"
            maxLength={null}
            name="phone"
            onBlur={[Function]}
            onChange={[Function]}
            onDragStart={[Function]}
            onDrop={[Function]}
            onFocus={[Function]}
            placeholder="(00) 0000-0000"
            type="input"
            value=""
          />
        </div>
      </div>
      <div
        className={undefined}
      >
        <h2
          className={undefined}
        >
          2. Endereço
        </h2>
        <label
          className={undefined}
          htmlFor="street"
        >
          Rua
        </label>
        <div
          className={undefined}
        >
          <input
            className={undefined}
            id="street"
            maxLength={null}
            name="street"
            onBlur={[Function]}
            onChange={[Function]}
            onDragStart={[Function]}
            onDrop={[Function]}
            onFocus={[Function]}
            placeholder={null}
            type="input"
            value=""
          />
        </div>
        <label
          className={undefined}
          htmlFor="streetNumber"
        >
          Número
        </label>
        <div
          className={undefined}
        >
          <input
            className={undefined}
            id="streetNumber"
            maxLength={null}
            name="streetNumber"
            onBlur={[Function]}
            onChange={[Function]}
            onDragStart={[Function]}
            onDrop={[Function]}
            onFocus={[Function]}
            placeholder={null}
            type="input"
            value=""
          />
        </div>
        <label
          className={undefined}
          htmlFor="complementary"
        >
          Complemento
        </label>
        <div
          className={undefined}
        >
          <input
            className={undefined}
            id="complementary"
            maxLength={null}
            name="complementary"
            onBlur={[Function]}
            onChange={[Function]}
            onDragStart={[Function]}
            onDrop={[Function]}
            onFocus={[Function]}
            placeholder={null}
            type="input"
            value=""
          />
        </div>
        <label
          className={undefined}
          htmlFor="neighborhood"
        >
          Bairro
        </label>
        <div
          className={undefined}
        >
          <input
            className={undefined}
            id="neighborhood"
            maxLength={null}
            name="neighborhood"
            onBlur={[Function]}
            onChange={[Function]}
            onDragStart={[Function]}
            onDrop={[Function]}
            onFocus={[Function]}
            placeholder={null}
            type="input"
            value=""
          />
        </div>
        <label
          className={undefined}
          htmlFor="city"
        >
          Cidade
        </label>
        <div
          className={undefined}
        >
          <input
            className={undefined}
            id="city"
            maxLength={null}
            name="city"
            onBlur={[Function]}
            onChange={[Function]}
            onDragStart={[Function]}
            onDrop={[Function]}
            onFocus={[Function]}
            placeholder={null}
            type="input"
            value=""
          />
        </div>
        <label
          className={undefined}
          htmlFor="state"
        >
          Estado
        </label>
        <div
          className={undefined}
        >
          <input
            className={undefined}
            id="state"
            maxLength={null}
            name="state"
            onBlur={[Function]}
            onChange={[Function]}
            onDragStart={[Function]}
            onDrop={[Function]}
            onFocus={[Function]}
            placeholder={null}
            type="input"
            value=""
          />
        </div>
        <label
          className={undefined}
          htmlFor="zipcode"
        >
          CEP
        </label>
        <div
          className={undefined}
        >
          <input
            className={undefined}
            id="zipcode"
            maxLength={null}
            name="zipcode"
            onBlur={[Function]}
            onChange={[Function]}
            onDragStart={[Function]}
            onDrop={[Function]}
            onFocus={[Function]}
            placeholder="00000-000"
            type="input"
            value=""
          />
        </div>
      </div>
      <div>
        <div
          className={undefined}
        >
          <h2
            className={undefined}
          >
            3. Pagamento
          </h2>
          <label
            className={undefined}
            htmlFor="cardNumber"
          >
            Número do cartão
          </label>
          <div
            className={undefined}
          >
            <input
              className={undefined}
              id="cardNumber"
              maxLength={null}
              name="cardNumber"
              onBlur={[Function]}
              onChange={[Function]}
              onDragStart={[Function]}
              onDrop={[Function]}
              onFocus={[Function]}
              placeholder="0000 0000 0000 0000"
              type="input"
              value=""
            />
          </div>
          <label
            className={undefined}
            htmlFor="cardHolderName"
          >
            Nome do titular
          </label>
          <div
            className={undefined}
          >
            <input
              className={undefined}
              id="cardHolderName"
              maxLength={null}
              name="cardHolderName"
              onBlur={[Function]}
              onChange={[Function]}
              onDragStart={[Function]}
              onDrop={[Function]}
              onFocus={[Function]}
              placeholder={null}
              type="input"
              value=""
            />
          </div>
          <label
            className={undefined}
            htmlFor="cardExpirationDate"
          >
            Expira em
          </label>
          <div
            className={undefined}
          >
            <input
              className={undefined}
              id="cardExpirationDate"
              maxLength={null}
              name="cardExpirationDate"
              onBlur={[Function]}
              onChange={[Function]}
              onDragStart={[Function]}
              onDrop={[Function]}
              onFocus={[Function]}
              placeholder="00/00"
              type="input"
              value=""
            />
          </div>
          <label
            className={undefined}
            htmlFor="cardCvv"
          >
            Código de segurança
          </label>
          <div
            className={undefined}
          >
            <input
              className={undefined}
              id="cardCvv"
              maxLength={4}
              name="cardCvv"
              onBlur={[Function]}
              onChange={[Function]}
              onDragStart={[Function]}
              onDrop={[Function]}
              onFocus={[Function]}
              placeholder={null}
              type="input"
              value=""
            />
          </div>
        </div>
        <div
          className={undefined}
        >
          <button
            className=""
            disabled={true}
            onClick={null}
            type="submit"
          >
            Finalizar compra
          </button>
        </div>
      </div>
    </div>
    <div />
  </form>
</div>
`;
