// Jest Snapshot v1, https://goo.gl/fbAQLP

exports[`AddressForm renders correctly 1`] = `
<div
  className={undefined}
>
  <h2
    className={undefined}
  >
    1. Dados Pessoais
  </h2>
  <label
    className={undefined}
    htmlFor="name"
  >
    Nome
  </label>
  <Field
    component={[Function]}
    id="name"
    name="name"
    type="input"
  />
  <label
    className={undefined}
    htmlFor="email"
  >
    E-mail
  </label>
  <Field
    component={[Function]}
    id="email"
    name="email"
    type="input"
  />
  <label
    className={undefined}
    htmlFor="personCode"
  >
    CPF
  </label>
  <Field
    component={[Function]}
    id="personCode"
    name="personCode"
    normalize={[Function]}
    placeholder="000.000.000-00"
    type="input"
  />
  <label
    className={undefined}
    htmlFor="phone"
  >
    Telefone
  </label>
  <Field
    component={[Function]}
    id="phone"
    name="phone"
    normalize={[Function]}
    placeholder="(00) 0000-0000"
    type="input"
  />
</div>
`;
