// Jest Snapshot v1, https://goo.gl/fbAQLP

exports[`Order renders correctly 1`] = `
<div
  className={undefined}
>
  <ul>
    <li>
      ID do recebedor: 
      re_cj2wd5u2600fecw6eytgcbkd0
    </li>
    <li>
      Valor: 
      R$ 24,000.00
    </li>
    <li>
      Taxas: 
      R$ 6,000.00
    </li>
    <li>
      Status: 
      aguardando fundos
    </li>
    <li>
      Data da criação: 
      29/06/2017
    </li>
    <li>
      Data do pagamento: 
      01/08/2017
    </li>
  </ul>
</div>
`;
